In cycle 12: Number Overflow
In cycle 13: Number Overflow
In cycle 19: Number Overflow
In cycle 21: Number Overflow
In cycle 22: Number Overflow
In cycle 28: Number Overflow
In cycle 29: Number Overflow
In cycle 31: Number Overflow
In cycle 32: Number Overflow
In cycle 38: Number Overflow
In cycle 39: Number Overflow
In cycle 42: Write $0 Error
In cycle 43: Write $0 Error
In cycle 44: Write $0 Error
In cycle 45: Write $0 Error
In cycle 46: Write $0 Error
In cycle 47: Write $0 Error
In cycle 48: Write $0 Error
In cycle 49: Write $0 Error
In cycle 51: Write $0 Error
In cycle 52: Write $0 Error
In cycle 53: Write $0 Error
In cycle 54: Write $0 Error
In cycle 55: Write $0 Error
In cycle 56: Write $0 Error
In cycle 57: Write $0 Error
In cycle 58: Write $0 Error
In cycle 59: Write $0 Error
In cycle 104: Write $0 Error
In cycle 105: Write $0 Error
In cycle 106: Write $0 Error
In cycle 107: Write $0 Error
In cycle 108: Write $0 Error
In cycle 113: Number Overflow
In cycle 114: Number Overflow
In cycle 115: Write $0 Error
In cycle 115: Number Overflow
In cycle 116: Write $0 Error
In cycle 116: Number Overflow
In cycle 117: Write $0 Error
In cycle 117: Number Overflow
In cycle 118: Write $0 Error
In cycle 118: Number Overflow
In cycle 119: Write $0 Error
In cycle 119: Number Overflow
In cycle 120: Write $0 Error
In cycle 120: Number Overflow
In cycle 121: Write $0 Error
In cycle 122: Write $0 Error
In cycle 149: Number Overflow
In cycle 151: Write $0 Error
In cycle 157: Write $0 Error
In cycle 160: Number Overflow
In cycle 168: Write $0 Error
In cycle 171: Write $0 Error
In cycle 182: Number Overflow
In cycle 184: Write $0 Error
In cycle 196: Write $0 Error
In cycle 196: Number Overflow
In cycle 197: Write $0 Error
In cycle 198: Write $0 Error
In cycle 198: Number Overflow
In cycle 200: Write $0 Error
In cycle 200: Address Overflow
In cycle 200: Misalignment Error
In cycle 200: Number Overflow
