In cycle 5: Write $0 Error
In cycle 9: Write $0 Error
In cycle 15: Number Overflow
In cycle 24: Write $0 Error
In cycle 28: Write $0 Error
In cycle 33: Write $0 Error
In cycle 38: Write $0 Error
In cycle 43: Write $0 Error
In cycle 48: Write $0 Error
In cycle 53: Write $0 Error
In cycle 58: Write $0 Error
In cycle 63: Write $0 Error
In cycle 68: Write $0 Error
In cycle 73: Write $0 Error
In cycle 78: Write $0 Error
In cycle 83: Write $0 Error
In cycle 88: Write $0 Error
In cycle 93: Write $0 Error
In cycle 98: Write $0 Error
In cycle 103: Write $0 Error
In cycle 108: Write $0 Error
In cycle 113: Write $0 Error
In cycle 118: Write $0 Error
In cycle 123: Write $0 Error
In cycle 128: Write $0 Error
In cycle 133: Write $0 Error
In cycle 138: Write $0 Error
In cycle 143: Write $0 Error
In cycle 148: Write $0 Error
In cycle 153: Write $0 Error
In cycle 158: Write $0 Error
In cycle 163: Write $0 Error
In cycle 168: Write $0 Error
In cycle 173: Write $0 Error
In cycle 178: Write $0 Error
In cycle 183: Write $0 Error
In cycle 194: Write $0 Error
In cycle 194: Address Overflow
In cycle 194: Misalignment Error
